u:\cs330content\projects\7-1_finalprojectmilestones\7-1_fina.fec5411d\debug\vc143.pdb
u:\cs330content\projects\7-1_finalprojectmilestones\7-1_fina.fec5411d\debug\vc143.idb
u:\cs330content\projects\7-1_finalprojectmilestones\7-1_fina.fec5411d\debug\viewmanager.obj
u:\cs330content\projects\7-1_finalprojectmilestones\7-1_fina.fec5411d\debug\scenemanager.obj
u:\cs330content\projects\7-1_finalprojectmilestones\7-1_fina.fec5411d\debug\maincode.obj
u:\cs330content\projects\7-1_finalprojectmilestones\7-1_fina.fec5411d\debug\shadermanager.obj
u:\cs330content\projects\7-1_finalprojectmilestones\7-1_fina.fec5411d\debug\shapemeshes.obj
\\apporto.com\dfs\snhu\users\kemalcankurt_snhu\desktop\cs330content\projects\7-1_finalprojectmilestones\7-1_fina.fec5411d\debug\vc143.pdb
\\apporto.com\dfs\snhu\users\kemalcankurt_snhu\desktop\cs330content\projects\7-1_finalprojectmilestones\7-1_fina.fec5411d\debug\vc143.idb
\\apporto.com\dfs\snhu\users\kemalcankurt_snhu\desktop\cs330content\projects\7-1_finalprojectmilestones\7-1_fina.fec5411d\debug\viewmanager.obj
\\apporto.com\dfs\snhu\users\kemalcankurt_snhu\desktop\cs330content\projects\7-1_finalprojectmilestones\7-1_fina.fec5411d\debug\scenemanager.obj
\\apporto.com\dfs\snhu\users\kemalcankurt_snhu\desktop\cs330content\projects\7-1_finalprojectmilestones\7-1_fina.fec5411d\debug\maincode.obj
\\apporto.com\dfs\snhu\users\kemalcankurt_snhu\desktop\cs330content\projects\7-1_finalprojectmilestones\7-1_fina.fec5411d\debug\shadermanager.obj
\\apporto.com\dfs\snhu\users\kemalcankurt_snhu\desktop\cs330content\projects\7-1_finalprojectmilestones\7-1_fina.fec5411d\debug\shapemeshes.obj
\\apporto.com\dfs\snhu\users\kemalcankurt_snhu\desktop\cs330content\projects\7-1_finalprojectmilestones\7-1_fina.fec5411d\debug\7-1_finalprojectmilestones.ilk
\\apporto.com\dfs\snhu\users\kemalcankurt_snhu\desktop\cs330content\projects\7-1_finalprojectmilestones\debug\7-1_finalprojectmilestones.pdb
\\apporto.com\dfs\snhu\users\kemalcankurt_snhu\desktop\cs330content\projects\7-1_finalprojectmilestones\7-1_fina.fec5411d\debug\7-1_fina.fec5411d.tlog\cl.command.1.tlog
\\apporto.com\dfs\snhu\users\kemalcankurt_snhu\desktop\cs330content\projects\7-1_finalprojectmilestones\7-1_fina.fec5411d\debug\7-1_fina.fec5411d.tlog\cl.items.tlog
\\apporto.com\dfs\snhu\users\kemalcankurt_snhu\desktop\cs330content\projects\7-1_finalprojectmilestones\7-1_fina.fec5411d\debug\7-1_fina.fec5411d.tlog\cl.read.1.tlog
\\apporto.com\dfs\snhu\users\kemalcankurt_snhu\desktop\cs330content\projects\7-1_finalprojectmilestones\7-1_fina.fec5411d\debug\7-1_fina.fec5411d.tlog\cl.write.1.tlog
\\apporto.com\dfs\snhu\users\kemalcankurt_snhu\desktop\cs330content\projects\7-1_finalprojectmilestones\7-1_fina.fec5411d\debug\7-1_fina.fec5411d.tlog\link.23344-cvtres.read.1.tlog
\\apporto.com\dfs\snhu\users\kemalcankurt_snhu\desktop\cs330content\projects\7-1_finalprojectmilestones\7-1_fina.fec5411d\debug\7-1_fina.fec5411d.tlog\link.23344-rc.read.1.tlog
\\apporto.com\dfs\snhu\users\kemalcankurt_snhu\desktop\cs330content\projects\7-1_finalprojectmilestones\7-1_fina.fec5411d\debug\7-1_fina.fec5411d.tlog\link.23344-rc.write.1.tlog
\\apporto.com\dfs\snhu\users\kemalcankurt_snhu\desktop\cs330content\projects\7-1_finalprojectmilestones\7-1_fina.fec5411d\debug\7-1_fina.fec5411d.tlog\link.23344.read.1.tlog
\\apporto.com\dfs\snhu\users\kemalcankurt_snhu\desktop\cs330content\projects\7-1_finalprojectmilestones\7-1_fina.fec5411d\debug\7-1_fina.fec5411d.tlog\link.23344.write.1.tlog
\\apporto.com\dfs\snhu\users\kemalcankurt_snhu\desktop\cs330content\projects\7-1_finalprojectmilestones\7-1_fina.fec5411d\debug\7-1_fina.fec5411d.tlog\link.command.1.tlog
\\apporto.com\dfs\snhu\users\kemalcankurt_snhu\desktop\cs330content\projects\7-1_finalprojectmilestones\7-1_fina.fec5411d\debug\7-1_fina.fec5411d.tlog\link.read.1.tlog
\\apporto.com\dfs\snhu\users\kemalcankurt_snhu\desktop\cs330content\projects\7-1_finalprojectmilestones\7-1_fina.fec5411d\debug\7-1_fina.fec5411d.tlog\link.secondary.1.tlog
\\apporto.com\dfs\snhu\users\kemalcankurt_snhu\desktop\cs330content\projects\7-1_finalprojectmilestones\7-1_fina.fec5411d\debug\7-1_fina.fec5411d.tlog\link.write.1.tlog
